../Core/Src/main.c:108:6:pid_config	8	static
../Core/Src/main.c:142:5:main	8	static
../Core/Src/main.c:264:6:SystemClock_Config	88	static
../Core/Src/main.c:311:13:MX_I2C1_Init	8	static
../Core/Src/main.c:345:13:MX_TIM1_Init	56	static
../Core/Src/main.c:395:13:MX_TIM3_Init	56	static
../Core/Src/main.c:444:13:MX_TIM4_Init	56	static
../Core/Src/main.c:493:13:MX_TIM5_Init	64	static
../Core/Src/main.c:556:13:MX_TIM8_Init	56	static
../Core/Src/main.c:606:13:MX_TIM9_Init	56	static
../Core/Src/main.c:658:13:MX_TIM12_Init	56	static
../Core/Src/main.c:710:13:MX_UART5_Init	8	static
../Core/Src/main.c:743:13:MX_GPIO_Init	56	static
../Core/Src/main.c:782:6:Control	32	static
../Core/Src/main.c:837:6:StartControl	32	static
../Core/Src/main.c:887:6:StartPID	16	static
../Core/Src/main.c:909:6:HAL_TIM_PeriodElapsedCallback	16	static
../Core/Src/main.c:926:6:Error_Handler	4	static,ignoring_inline_asm
